// Jest Snapshot v1, https://goo.gl/fbAQLP

exports[`RangeInput renders RangeInput snapshot correctly 1`] = `
<div
  className="dummy"
>
  <label
    className="dummy__label"
    htmlFor="dummy"
  >
    Dummy Input
  </label>
  <input
    className="dummy__input"
    id="dummy"
    max={10}
    min={0}
    step={1}
    type="range"
    value="0"
  />
  <div
    className="dummy__display"
  >
    0
  </div>
</div>
`;
